// Jest Snapshot v1, https://goo.gl/fbAQLP

exports[`Message.vue rendors message 1`] = `<h1 class="message"> a test message</h1>`;
